BiPap.c:29:6:BIPAP_Mode_Packet_Data	16	static
BiPap.c:57:6:BIPAP_Task	16	static
BiPap.c:82:6:BIPAP_PID_Task	16	static
BiPap.c:119:13:BIBAP_CONTROL	8	static
BiPap.c:184:13:RUN_BIPAP_EPAP_MAINTAIN_BLOWER	8	static
BiPap.c:192:13:STOP_BLOWER_IF_FLOW_SENSE	4	static
BiPap.c:199:13:CHECK_PRESSURE_TRIGGER	8	static
BiPap.c:211:13:CHECK_FLOW_TRIGGER	8	static
BiPap.c:224:13:CHECK_TRIGGER_OFFSET	4	static
BiPap.c:237:13:BIPAP_EPAP_AVERAGE	8	static
BiPap.c:256:17:BIPAP_TUNE_EPAP_BLOWER	16	static
BiPap.c:291:17:BIBAP_TUNE_IPAP_BLOWER	16	static
BiPap.c:326:13:RESET_FLAGS	8	static
BiPap.c:340:13:INSPIRATION_PROCESS_BIPAP	8	static
BiPap.c:368:13:BACKUP_PC_CMV_START	8	static
BiPap.c:426:13:BIBAP_IPAP_AVERAGE	8	static
BiPap.c:444:13:Patient_Circuit_Disconnected_Alert_BIBAP	8	static
