Vc_Simv_Assist_OFF.c:28:6:Vc_Simv_Assist_OFF_Task	16	static
Vc_Simv_Assist_OFF.c:54:13:Inspiration_Time_Blower_Control_VC_SIMV_ASSIST_OFF	16	static
Vc_Simv_Assist_OFF.c:60:13:Expiration_Time_Blower_Control_VC_SIMV_ASSIST_OFF	16	static
Vc_Simv_Assist_OFF.c:101:13:CHECK_TRIGGER_ASSIST_OFF	16	static
Vc_Simv_Assist_OFF.c:116:13:Before_Trigger	16	static
Vc_Simv_Assist_OFF.c:140:13:After_Trigger	16	static
Vc_Simv_Assist_OFF.c:166:6:VC_SIMV_Assist_OFF_Inspiration_Time_Variables_Reset	8	static
Vc_Simv_Assist_OFF.c:183:6:VC_SIMV_Assist_OFF_Expiration_Time_Variables_Reset	8	static
Vc_Simv_Assist_OFF.c:198:13:Switch_TASK_Inspiration_CYCLE	16	static
Vc_Simv_Assist_OFF.c:209:6:VC_SIMV_Assist_OFF_PATIENT_TRIGGER_HAPPEN_Inspiration_Time_Variables_Reset	24	static
Vc_Simv_Assist_OFF.c:258:6:VC_SIMV_Assist_OFF_PATIENT_TRIGGER_HAPPEN_Expiration_Time_Variables_Reset	8	static
Vc_Simv_Assist_OFF.c:292:13:CHECK_PRESSURE_TRIGGER	8	static
Vc_Simv_Assist_OFF.c:302:13:CHECK_FLOW_TRIGGER	8	static
Vc_Simv_Assist_OFF.c:313:13:CHECK_TRIGGER_OFFSET	4	static
Vc_Simv_Assist_OFF.c:325:13:STOP_BLOWER_IF_FLOW_SENSE	4	static
Vc_Simv_Assist_OFF.c:333:13:Set_Blower_Val	8	static
Vc_Simv_Assist_OFF.c:343:13:Trigger_Time_Monitor	4	static
