Vc_Simv_Assist_ON.c:25:6:Vc_Simv_Mode_Packet_Data	24	static
Vc_Simv_Assist_ON.c:71:6:Vc_Simv_Assist_ON_Task	16	static
Vc_Simv_Assist_ON.c:99:6:VC_SIMV_Inspiration_Time_Variables_Reset	8	static
Vc_Simv_Assist_ON.c:113:6:VC_SIMV_Expiration_Time_Variables_Reset	8	static
Vc_Simv_Assist_ON.c:126:13:Inspiration_Time_Blower_Control_VC_SIMV_ASSIST_ON	16	static
Vc_Simv_Assist_ON.c:135:13:Expiration_Time_Blower_Control_VC_SIMV_ASSIST_ON	16	static
Vc_Simv_Assist_ON.c:168:13:CHECK_TRIGGER_ASSIST_ON	16	static
Vc_Simv_Assist_ON.c:189:13:Switch_TASK_Inspiration_CYCLE	16	static
Vc_Simv_Assist_ON.c:199:6:VC_SIMV_Assist_ON_Inspiration_Time_Variables_Reset	24	static
Vc_Simv_Assist_ON.c:271:6:VC_SIMV_Assist_ON_Expiration_Time_Variables_Reset	8	static
Vc_Simv_Assist_ON.c:306:13:CHECK_PRESSURE_TRIGGER	8	static
Vc_Simv_Assist_ON.c:316:13:CHECK_FLOW_TRIGGER	8	static
Vc_Simv_Assist_ON.c:326:13:CHECK_TRIGGER_OFFSET	4	static
Vc_Simv_Assist_ON.c:338:13:CHECK_Flow_Increment	8	static
Vc_Simv_Assist_ON.c:361:13:Check_Flow_Graph	24	static
Vc_Simv_Assist_ON.c:385:13:Trigger_Time_Monitor	4	static
