Flow_Sensor_Method_1.c:22:6:Get_Volume	24	static
Flow_Sensor_Method_1.c:36:7:Flow_Sensor_Value	8	static
Flow_Sensor_Method_1.c:43:7:AW_flow_raw_Volt	24	static
Flow_Sensor_Method_1.c:50:10:AW_flow_moving_average	16	static
Flow_Sensor_Method_1.c:57:10:ADS1115_AW_flow_sensor	24	static
Flow_Sensor_Method_1.c:81:6:Get_AW_Flow	8	static
Flow_Sensor_Method_1.c:89:6:Flow_Sensor_7002_offset	16	static
Flow_Sensor_Method_1.c:106:6:adj	24	static
Flow_Sensor_Method_1.c:115:6:_Flow	40	static
Flow_Sensor_Method_1.c:171:10:Trigger_AW_flow_moving_average	16	static
Flow_Sensor_Method_1.c:179:6:Trigger_Flow	16	static
Flow_Sensor_Method_1.c:234:6:Get_AW_Flow_ADS1115_OFFSET	16	static
