Alert.c:29:6:Split_Alert_Parameter_Packets	16	static
Alert.c:45:6:SEND_ALERT_PACKET	8	static
Alert.c:63:6:Clear_All_Alert_Bits	4	static
Alert.c:90:6:Alert_Task	16	static
Alert.c:108:6:Alert_Flags_Reset	4	static
Alert.c:123:6:Check_Alert	8	static
Alert.c:178:6:Alert_Inspiration_Time_Parameter	4	static
Alert.c:193:6:AC_Supply_or_Battery_Supply_Indication	8	static
Alert.c:209:6:Alert_Expiration_Time_Parameter	4	static
Alert.c:221:6:Pip_Alert	16	static
Alert.c:253:6:Peep_Alert	24	static
Alert.c:288:6:Tidal_Volume_Alert	16	static
Alert.c:322:6:Minite_Volume_Alert	16	static
Alert.c:350:6:Respiratory_Rate_Alert	16	static
Alert.c:378:6:Oxygen_Supply_Alert	16	static
Alert.c:399:6:Oxygen_Blending_Alert	24	static
Alert.c:437:6:Leak_Alert	4	static
Alert.c:458:6:Patient_Circuit_Disconnected_Alert	4	static
Alert.c:499:6:Proximal_Flow_Sensor_Reverse_Direction	4	static
Alert.c:525:6:LED_Alert	4	static
Alert.c:544:6:Hide_Alert_1	4	static
Alert.c:571:6:Hide_Alert_2	4	static
