Calibration.c:25:6:Split_Calibration_Packets	16	static
Calibration.c:46:9:chksum8_cal	24	static
Calibration.c:55:6:Send_Calibrated_Packet	8	static
Calibration.c:71:6:CALIBRATION_Task	16	static
Calibration.c:123:6:Blower_Calibration	8	static
Calibration.c:194:6:Pressure_Sensor_Calibration	8	static
Calibration.c:252:6:Flow_Sensor_7002_Calibration	8	static
Calibration.c:292:6:Expiratory_Valve_Leak_Calibration	8	static
Calibration.c:357:6:Oxygen_blending_Calibration	16	static
Calibration.c:427:6:Led_Buzzer_Calibration	8	static
Calibration.c:464:6:Battery_Calibration	8	static
Calibration.c:494:6:Sensor_Voltage_Transmit	8	static
Calibration.c:515:6:O2_Calibration_Task	16	static
