PSV.c:28:6:PSV_Mode_Packet_Data	16	static
PSV.c:50:6:PSV_Task	16	static
PSV.c:76:13:INSPIRATION_PROCESS_PSV	8	static
PSV.c:108:6:PSV_PID_Task	16	static
PSV.c:147:13:PSV_CONTROL	8	static
PSV.c:206:13:CHECK_PRESSURE_TRIGGER	8	static
PSV.c:218:13:CHECK_FLOW_TRIGGER	8	static
PSV.c:231:13:CHECK_TRIGGER_OFFSET	4	static
PSV.c:242:13:RUN_PSV_PEEP_MAINTAIN_BLOWER	8	static
PSV.c:250:13:STOP_BLOWER_IF_FLOW_SENSE	4	static
PSV.c:258:13:PSV_PEEP_AVERAGE	8	static
PSV.c:276:13:PSV_PIP_AVERAGE	8	static
PSV.c:293:17:PSV_TUNE_PEEP_BLOWER	16	static
PSV.c:327:17:PSV_TUNE_PIP_BLOWER	16	static
PSV.c:363:13:BACKUP_PC_CMV_START	8	static
PSV.c:450:13:RESET_FLAGS	8	static
PSV.c:464:13:Patient_Circuit_Disconnected_Alert_PSV	8	static
