Backup_Pc_cmv.c:25:6:Backup_Pc_Cmv_Mode_Packet_Data	24	static
Backup_Pc_cmv.c:48:6:BACKUP_PC_CMV_Task	16	static
Backup_Pc_cmv.c:76:13:Inspiration_Time_Blower_Control_BACKUP_PC_CMV	16	static
Backup_Pc_cmv.c:82:13:Expiration_Time_Blower_Control_BACKUP_PC_CMV	16	static
Backup_Pc_cmv.c:116:13:CHECK_TRIGGER_BACKUP_PC_CMV	16	static
Backup_Pc_cmv.c:138:13:CHECK_PRESSURE_TRIGGER	8	static
Backup_Pc_cmv.c:159:13:CHECK_FLOW_TRIGGER	8	static
Backup_Pc_cmv.c:180:13:CHECK_TRIGGER_OFFSET	4	static
Backup_Pc_cmv.c:193:6:BACKUP_PC_CMV_Inspiration_Time_Variables_Reset	24	static
Backup_Pc_cmv.c:246:6:BACKUP_PC_CMV_Expiration_Time_Variables_Reset	8	static
Backup_Pc_cmv.c:274:6:START_PSV	8	static
Backup_Pc_cmv.c:321:6:START_BIPAP	8	static
Backup_Pc_cmv.c:360:6:START_CPAP	8	static
Backup_Pc_cmv.c:395:13:Set_Blower_Val	8	static
Backup_Pc_cmv.c:405:13:Smooth_Ramp_Pressure	4	static
Backup_Pc_cmv.c:430:13:Trigger_Time_Monitor	16	static
