Pc_cmv.c:20:6:Pc_Cmv_Mode_Packet_Data	24	static
Pc_cmv.c:45:6:Pc_Cmv_Task	16	static
Pc_cmv.c:72:13:Inspiration_Time_Blower_Control_PC_CMV	16	static
Pc_cmv.c:78:13:Expiration_Time_Blower_Control_PC_CMV	16	static
Pc_cmv.c:109:6:PC_CMV_Inspiration_Time_Variables_Reset	24	static
Pc_cmv.c:156:6:PC_CMV_Expiration_Time_Variables_Reset	8	static
Pc_cmv.c:178:13:Set_Blower_Val	8	static
Pc_cmv.c:187:13:Smooth_Ramp_Pressure	4	static
Pc_cmv.c:210:6:PIP_Not_Acheieved	4	static
Pc_cmv.c:216:6:PIP_Acheieved	4	static
