APRV.c:32:6:APRV_Mode_Packet_Data	16	static
APRV.c:50:6:APRV_Task	16	static
APRV.c:73:6:APRV_ONE_TIME_Task	16	static
APRV.c:94:13:APRV_INSPIRATION_CYCLE_SINGLE	8	static
APRV.c:132:13:APRV_EXPIRATION_CYCLE_SINGLE	8	static
APRV.c:154:13:APRV_INSPIRATION_CYCLE_CONTINUOUS	8	static
APRV.c:166:13:APRV_EXPIRATION_CYCLE_CONTINUOUS	16	static
APRV.c:189:13:APRV_PIP_AVERAGE	4	static
APRV.c:205:13:APRV_PEEP_AVERAGE	4	static
APRV.c:219:17:APRV_TUNE_PIP_BLOWER	16	static
APRV.c:259:17:PEEP_Control	16	static
APRV.c:395:13:Check_Trigger	8	static
APRV.c:421:13:STOP_BLOWER_IF_FLOW_SENSE	4	static
APRV.c:426:13:CHECK_TRIGGER_OFFSET	4	static
APRV.c:437:13:CHECK_PRESSURE_TRIGGER	8	static
APRV.c:450:13:CHECK_FLOW_TRIGGER	8	static
APRV.c:465:6:Dec_Timer	4	static
