main.c:96:5:main	8	static
main.c:146:6:SystemClock_Config	88	static
main.c:190:13:MX_ADC1_Init	24	static
main.c:280:13:MX_DAC_Init	16	static
main.c:324:13:MX_I2C2_Init	8	static
main.c:358:13:MX_I2C3_Init	8	static
main.c:392:13:MX_TIM3_Init	48	static
main.c:450:13:MX_TIM4_Init	64	static
main.c:509:13:MX_TIM12_Init	56	static
main.c:566:13:MX_DMA_Init	16	static
main.c:588:13:MX_GPIO_Init	56	static
main.c:662:6:HAL_TIM_IC_CaptureCallback	24	static
main.c:718:6:HAL_TIM_PeriodElapsedCallback	16	static
main.c:735:6:Error_Handler	4	static,ignoring_inline_asm
