Vc_Cmv.c:17:6:Vc_Cmv_Mode_Packet_Data	24	static
Vc_Cmv.c:38:6:Vc_Cmv_Task	16	static
Vc_Cmv.c:65:13:Inspiration_Time_Blower_Control_VC_CMV	16	static
Vc_Cmv.c:72:13:Expiration_Time_Blower_Control_VC_CMV	16	static
Vc_Cmv.c:104:6:VC_CMV_Inspiration_Time_Variables_Reset	24	static
Vc_Cmv.c:170:6:VC_CMV_Expiration_Time_Variables_Reset	8	static
Vc_Cmv.c:194:13:CHECK_Flow_Increment	8	static
Vc_Cmv.c:218:13:Check_Flow_Graph	24	static
Vc_Cmv.c:242:6:Volume_Not_Acheieved	4	static
Vc_Cmv.c:248:6:Volume_Acheieved	4	static
Vc_Cmv.c:254:6:Reset_Blower_Status	4	static
