Pc_Simv_Assist_ON.c:25:6:Pc_Simv_Mode_Packet_Data	24	static
Pc_Simv_Assist_ON.c:88:6:Pc_Simv_Assist_ON_Task	16	static
Pc_Simv_Assist_ON.c:115:6:PC_SIMV_Inspiration_Time_Variables_Reset	8	static
Pc_Simv_Assist_ON.c:129:6:PC_SIMV_Expiration_Time_Variables_Reset	8	static
Pc_Simv_Assist_ON.c:141:13:Inspiration_Time_Blower_Control_PC_SIMV_ASSIST_ON	16	static
Pc_Simv_Assist_ON.c:147:13:Expiration_Time_Blower_Control_PC_SIMV_ASSIST_ON	16	static
Pc_Simv_Assist_ON.c:180:13:CHECK_TRIGGER_ASSIST_ON	16	static
Pc_Simv_Assist_ON.c:202:13:Switch_TASK_Inspiration_CYCLE	16	static
Pc_Simv_Assist_ON.c:215:6:PC_SIMV_Assist_ON_Inspiration_Time_Variables_Reset	24	static
Pc_Simv_Assist_ON.c:279:6:PC_SIMV_Assist_ON_Expiration_Time_Variables_Reset	8	static
Pc_Simv_Assist_ON.c:311:13:CHECK_PRESSURE_TRIGGER	8	static
Pc_Simv_Assist_ON.c:321:13:CHECK_FLOW_TRIGGER	8	static
Pc_Simv_Assist_ON.c:331:13:CHECK_TRIGGER_OFFSET	4	static
Pc_Simv_Assist_ON.c:343:13:Set_Blower_Val	8	static
Pc_Simv_Assist_ON.c:352:13:Smooth_Ramp_Pressure	4	static
Pc_Simv_Assist_ON.c:376:13:Trigger_Time_Monitor	4	static
