Pc_Simv_Assist_OFF.c:28:6:Pc_Simv_Assist_OFF_Task	16	static
Pc_Simv_Assist_OFF.c:52:13:Inspiration_Time_Blower_Control_PC_SIMV_ASSIST_OFF	16	static
Pc_Simv_Assist_OFF.c:58:13:Expiration_Time_Blower_Control_PC_SIMV_ASSIST_OFF	16	static
Pc_Simv_Assist_OFF.c:93:13:CHECK_TRIGGER_ASSIST_OFF	16	static
Pc_Simv_Assist_OFF.c:108:13:Before_Trigger	16	static
Pc_Simv_Assist_OFF.c:132:13:After_Trigger	16	static
Pc_Simv_Assist_OFF.c:155:6:PC_SIMV_Assist_OFF_Inspiration_Time_Variables_Reset	8	static
Pc_Simv_Assist_OFF.c:172:6:PC_SIMV_Assist_OFF_Expiration_Time_Variables_Reset	8	static
Pc_Simv_Assist_OFF.c:186:13:Switch_TASK_Inspiration_CYCLE	16	static
Pc_Simv_Assist_OFF.c:195:13:PC_SIMV_Assist_OFF_PATIENT_TRIGGER_HAPPEN_Inspiration_Time_Variables_Reset	24	static
Pc_Simv_Assist_OFF.c:241:13:PC_SIMV_Assist_OFF_PATIENT_TRIGGER_HAPPEN_Expiration_Time_Variables_Reset	8	static
Pc_Simv_Assist_OFF.c:279:10:TUNE_PEEP_BLOWER	16	static
Pc_Simv_Assist_OFF.c:297:13:CHECK_PRESSURE_TRIGGER	8	static
Pc_Simv_Assist_OFF.c:307:13:CHECK_FLOW_TRIGGER	8	static
Pc_Simv_Assist_OFF.c:318:13:CHECK_TRIGGER_OFFSET	4	static
Pc_Simv_Assist_OFF.c:330:13:STOP_BLOWER_IF_FLOW_SENSE	4	static
Pc_Simv_Assist_OFF.c:337:13:Set_Blower_Val	8	static
Pc_Simv_Assist_OFF.c:347:13:Trigger_Time_Monitor	4	static
