Max17261.c:47:6:max17261_i2c_write	24	static
Max17261.c:64:6:max17261_i2c_read	24	static
Max17261.c:70:9:maxim_max1726x_check_por	8	static
Max17261.c:86:6:maxim_max1726x_read_reg	24	static
Max17261.c:101:6:maxim_max1726x_wait_dnr	8	static
Max17261.c:116:6:maxim_max1726x_initialize_ez_config	16	static
Max17261.c:173:6:maxim_max1726x_write_reg	24	static
Max17261.c:187:9:maxim_max1726x_clear_por	8	static
Max17261.c:201:9:maxim_max1726x_write_and_verify_reg	24	static
Max17261.c:244:6:maxim_max1726x_get_serial_number	16	static
Max17261.c:283:7:maxim_max1726x_get_repcap	24	static
Max17261.c:294:7:maxim_max1726x_get_repsoc	16	static
Max17261.c:308:7:maxim_max1726x_get_voltage	16	static
Max17261.c:319:7:maxim_max1726x_get_tte	16	static
Max17261.c:331:7:maxim_max1726x_get_ttf	16	static
Max17261.c:343:7:maxim_max1726x_get_Avg_Current	24	static
Max17261.c:361:7:maxim_max1726x_get_Current	24	static
Max17261.c:380:7:maxim_max1726x_get_Temperature	16	static
Max17261.c:392:7:maxim_max1726x_get_Age	24	static
Max17261.c:408:6:Fuel_Gauge_Init	8	static
Max17261.c:442:5:Do_Step_0	16	static
Max17261.c:451:6:Do_Step_1	8	static
Max17261.c:458:6:Do_Step_2_Point_1	8	static
Max17261.c:465:6:Do_Step_3	8	static
Max17261.c:472:6:Do_Step_3_Point_2	8	static
Max17261.c:494:6:FUEL_GAUGE_Task	16	static
Max17261.c:574:6:Convert_Battery_Percentage	16	static
Max17261.c:608:6:repcap_Convert	32	static
Max17261.c:618:6:repsoc_Convert	40	static
Max17261.c:627:6:Volatge_Convert	40	static
Max17261.c:637:6:tte_Convert	40	static
Max17261.c:647:6:ttf_Convert	40	static
Max17261.c:657:6:Average_Current_Convert	40	static
Max17261.c:667:6:Current_Convert	40	static
Max17261.c:677:6:Temperature_Convert	40	static
Max17261.c:686:6:Fuel_Gauge_Parameter_List_1_Transmit	8	static
Max17261.c:710:6:Fuel_Gauge_Parameter_List_2_Transmit	8	static
