Sampled_Parameter.c:18:6:Sampled_Parameter_List_1_Transmit	8	static
Sampled_Parameter.c:43:6:Sampled_Parameter_List_2_Transmit	8	static
Sampled_Parameter.c:69:6:Sampled_Parameter_List_3_Transmit	8	static
Sampled_Parameter.c:95:6:Sampled_Parameter_List_4_Transmit	8	static
Sampled_Parameter.c:120:6:Sampled_Parameter_List_5_Transmit	8	static
Sampled_Parameter.c:141:6:Sampled_Parameter_Func_1	8	static
Sampled_Parameter.c:154:6:Average_PIP_Func	4	static
Sampled_Parameter.c:167:6:Average_PEEP_Func	4	static
Sampled_Parameter.c:173:6:Volume_Max_Inspiration_Func	4	static
Sampled_Parameter.c:178:6:Volume_Max_Expiration_Func	4	static
Sampled_Parameter.c:184:6:Peak_Flow_Inspiration_Func	4	static
Sampled_Parameter.c:188:6:Peak_Flow_Expiration_Func	4	static
Sampled_Parameter.c:193:6:Reset_Flag_Func	4	static
Sampled_Parameter.c:205:6:Sampled_Parameter_Func_2	8	static
Sampled_Parameter.c:214:6:Minite_Volume_Func	4	static
Sampled_Parameter.c:238:6:Acheived_RR_Func	4	static
Sampled_Parameter.c:244:6:Inspiration_Time_Func	4	static
Sampled_Parameter.c:257:6:Expiration_Time_Func	4	static
Sampled_Parameter.c:276:6:Sampled_Parameter_Func_3	8	static
Sampled_Parameter.c:285:6:Platau_Pressure	4	static
Sampled_Parameter.c:302:6:Static_and_Dynamic_Compliance	56	static
Sampled_Parameter.c:366:6:Inspiratory_Resistance	72	static
Sampled_Parameter.c:406:6:Sampled_Parameter_Func_4	8	static
Sampled_Parameter.c:414:6:Mean_Airway_Pressure	24	static
Sampled_Parameter.c:431:6:I_and_E_Ratio_Func	56	static
Sampled_Parameter.c:481:6:Sampled_Parameter_Inspiration_time	8	static
