Bluetooth_Graph.c:12:6:Bluetooth_Task	16	static
Bluetooth_Graph.c:45:6:UART6_Init	8	static
Bluetooth_Graph.c:62:6:UART5_Init	8	static
Bluetooth_Graph.c:78:9:chksum8	24	static
Bluetooth_Graph.c:86:6:Bluetooth_Graph_Data_Send	8	static
Bluetooth_Graph.c:128:6:UART5_GRAPH_DATA_DEBUG	16	static
Bluetooth_Graph.c:134:6:USB_GRAPH_DATA_DEBUG	16	static
Bluetooth_Graph.c:142:6:Bluetooth_Data_Send	8	static
Bluetooth_Graph.c:243:6:BlueTooth_Receiver_Task	16	static
Bluetooth_Graph.c:257:6:Bluetooth_data_split_Task	16	static
Bluetooth_Graph.c:267:6:HAL_UART_RxCpltCallback	24	static,ignoring_inline_asm
